08:18:45 **** Incremental Build of configuration Debug for project 0_test ****
make -j12 all 
arm-none-eabi-size  0_test.elf 
   text	   data	    bss	    dec	    hex	filename
    768	      0	   1568	   2336	    920	0_test.elf
Finished building: default.size.stdout
 
08:18:57 **** Incremental Build of configuration Debug for project 0_test ****
make -j12 all 
arm-none-eabi-size  0_test.elf 
   text	   data	    bss	    dec	    hex	filename
    768	      0	   1568	   2336	    920	0_test.elf
Finished building: default.size.stdout
 
